// Jest Snapshot v1, https://goo.gl/fbAQLP

exports[`<Message /> 1`] = `"<div class=\\"message info\\"></div>"`;

exports[`<Message /> 2`] = `"<div class=\\"message info\\"></div>"`;

exports[`<Message /> 3`] = `"<div class=\\"message warning\\"></div>"`;

exports[`<Message /> 4`] = `"<div class=\\"message error\\"></div>"`;

exports[`<Message /> 5`] = `"<div class=\\"message info\\">children</div>"`;
