// Jest Snapshot v1, https://goo.gl/fbAQLP

exports[`<CollapseList /> 1`] = `ShallowWrapper {}`;

exports[`<CollapseList collapsed=false /> 1`] = `ShallowWrapper {}`;

exports[`<CollapseList collapsed=true /> 1`] = `ShallowWrapper {}`;

exports[`<CollapseList padded=false /> 1`] = `ShallowWrapper {}`;

exports[`<CollapseList padded=true /> 1`] = `ShallowWrapper {}`;
