// Jest Snapshot v1, https://goo.gl/fbAQLP

exports[`basic snapshot renders arbitrary input 1`] = `ShallowWrapper {}`;

exports[`basic snapshot renders button 1`] = `ShallowWrapper {}`;

exports[`basic snapshot renders checkbox 1`] = `ShallowWrapper {}`;

exports[`basic snapshot renders select 1`] = `ShallowWrapper {}`;

exports[`basic snapshot renders submit 1`] = `ShallowWrapper {}`;

exports[`basic snapshot renders textarea 1`] = `ShallowWrapper {}`;
